[19:46:36] [INIT] KubeJS 2001.6.5-build.16; MC 2001 forge
[19:46:36] [INIT] Loaded plugins:
[19:46:36] [INIT] - dev.latvian.mods.kubejs.forge.BuiltinKubeJSForgePlugin
[19:46:36] [INIT] - dev.latvian.mods.kubejs.forge.BuiltinKubeJSForgeClientPlugin
[19:46:36] [INIT] - net.zhaiji.kubejscurios.kubejs.KubeJSCuriosPlugin
[19:46:36] [INIT] - com.lowdragmc.lowdraglib.kjs.LDLibKubeJSPlugin
[19:46:36] [INIT] - net.mehvahdjukaar.sawmill.integration.KubeJsPlugin
[19:46:36] [INIT] - dev.ftb.mods.ftbxmodcompat.ftbquests.kubejs.KubeJSIntegration
[19:46:36] [INIT] - dev.ftb.mods.ftbxmodcompat.ftbchunks.kubejs.FTBChunksKubeJSPlugin
[19:46:36] [INIT] - dev.ftb.mods.ftbxmodcompat.ftbteams.kubejs.FTBTeamsKubeJSPlugin
[19:46:36] [INIT] - dev.ftb.mods.ftbxmodcompat.ftbfiltersystem.kubejs.FFSKubeJSPlugin
[19:46:36] [INIT] - com.squoshi.irons_spells_js.IronsSpellsJSPlugin
[19:46:36] [INIT] - com.squoshi.irons_spells_js.compat.entityjs.EntityJSPlugin
[19:46:36] [INIT] - com.falaut.KubeJSNaturesAuraPlugin
[19:46:36] [INIT] - com.lowdragmc.mbd2.integration.kubejs.MBDKubeJSPlugin
[19:46:36] [INIT] - dev.latvian.mods.kubejs.thermal.KubeJSThermalPlugin
[19:46:36] [INIT] - com.bobvarioa.kubejsarsnouveau.KubeJSArsNouveauPlugin
[19:46:36] [INIT] - net.liopyu.entityjs.EntityJSPlugin
[19:46:36] [INIT] - dev.latvian.mods.kubejs.create.KubeJSCreatePlugin
[19:46:36] [INIT] - com.almostreliable.morejs.Plugin
[19:46:36] [INIT] - com.negodya1.kubejs.vintageimprovements.KubeJSVintagePlugin
[19:46:36] [INIT] - com.vomiter.rangedjs.RangedJSPlugin
[19:46:36] [INIT] - qinomed.kubejsdelight.KubeJSDelightPlugin
[19:46:36] [INIT] - com.almostreliable.lootjs.kube.LootJSPlugin
[19:46:36] [INIT] - com.probejs.ProbeJSPlugin
[19:46:36] [INIT] - com.almostreliable.ponderjs.KubePlugin
[19:46:36] [INIT] - snownee.lychee.compat.kubejs.LycheeKubeJSPlugin
[19:46:36] [ERROR] ! Hiding.js#1: ReferenceError: "RecipeViewerEvents" is not defined.
[19:46:36] [INFO] Loaded script client_scripts:Jei.js in 0.001 s
[19:46:36] [INFO] Loaded script client_scripts:NameChange.js in 0.001 s
[19:46:36] [INFO] Loaded script client_scripts:ponder.js in 0.007 s
[19:46:36] [INFO] Loaded script client_scripts:REI_Group.js in 0.0 s
[19:46:36] [INFO] Loaded script client_scripts:Tooltips.js in 0.005 s
[19:46:36] [INFO] Loaded 5/6 KubeJS client scripts in 0.068 s with 0 errors and 0 warnings
[19:46:50] [INFO] Client resource reload complete!
[19:48:21] [ERROR] ! Error in 'JEIEvents.information': ingredients must not be empty.
[19:48:21] [ERROR] ! java.lang.IllegalArgumentException: ingredients must not be empty.
[19:48:21] [ERROR] !   at mezz.jei.common.util.ErrorUtil.checkNotEmpty(ErrorUtil.java:122)
[19:48:21] [ERROR] !   at dev.nolij.toomanyrecipeviewers.impl.jei.api.registration.RecipeRegistration.addIngredientInfo(RecipeRegistration.java:56)
[19:48:21] [ERROR] !   at …kubejs.integration.forge.jei.InformationJEIEventJS.addItem(InformationJEIEventJS.java:24)
[19:48:21] [ERROR] !   at java.lang.reflect.Method.invoke(Method.java:568)
[19:48:21] [ERROR] !   at …rhino.MemberBox.invoke(MemberBox.java:160)
[19:48:21] [ERROR] !   at …rhino.NativeJavaMethod.call(NativeJavaMethod.java:463)
[19:48:21] [ERROR] !   at …rhino.Interpreter.interpretLoop(Interpreter.java:986)
[19:48:21] [ERROR] !   at …rhino.Interpreter.interpret(Interpreter.java:370)
[19:48:21] [ERROR] !   at …rhino.InterpretedFunction.call(InterpretedFunction.java:72)
[19:48:21] [ERROR] !   at …rhino.Context.callSync(Context.java:1357)
[19:48:21] [ERROR] !   at …rhino.Context.doTopCall(Context.java:1374)
[19:48:21] [ERROR] !   at …rhino.InterpretedFunction.call(InterpretedFunction.java:70)
[19:48:21] [ERROR] !   at …rhino.Context.callSync(Context.java:1357)
[19:48:21] [ERROR] !   at …rhino.ArrowFunction.call(ArrowFunction.java:42)
[19:48:21] [ERROR] !   at …rhino.Context.callSync(Context.java:1357)
[19:48:21] [ERROR] !   at …rhino.InterfaceAdapter.invoke(InterfaceAdapter.java:125)
[19:48:21] [ERROR] !   at …rhino.VMBridge.lambda$newInterfaceProxy$0(VMBridge.java:74)
[19:48:21] [ERROR] !   at TRANSFORMER/jdk.proxy3/jdk.proxy3.$Proxy128.onEvent(Unknown Source)
[19:48:21] [ERROR] !   at …kubejs.event.EventHandlerContainer.handle(EventHandlerContainer.java:39)
[19:48:21] [ERROR] !   at …kubejs.event.EventHandler.postToHandlers(EventHandler.java:304)
[19:48:21] [ERROR] !   at …kubejs.event.EventHandler.post(EventHandler.java:272)
[19:48:21] [ERROR] !   at …kubejs.event.EventHandler.post(EventHandler.java:226)
[19:48:21] [ERROR] !   at …kubejs.event.EventHandler.post(EventHandler.java:189)
[19:48:21] [ERROR] !   at …kubejs.integration.forge.jei.JEIPlugin.registerRecipes(JEIPlugin.java:85)
[19:48:21] [ERROR] !   at dev.nolij.toomanyrecipeviewers.JEIPlugins.lambda$registerRecipes$9(JEIPlugins.java:215)
[19:48:21] [ERROR] !   at dev.nolij.toomanyrecipeviewers.JEIPlugins.dispatchInternal(JEIPlugins.java:147)
[19:48:21] [ERROR] !   at dev.nolij.toomanyrecipeviewers.JEIPlugins.dispatchInternal(JEIPlugins.java:160)
[19:48:21] [ERROR] !   at dev.nolij.toomanyrecipeviewers.JEIPlugins.lambda$dispatch$1(JEIPlugins.java:170)
[19:48:21] [ERROR] !   at net.minecraft.util.thread.BlockableEventLoop.m_18693_(BlockableEventLoop.java:67)
[19:48:21] [ERROR] !   at java.util.concurrent.CompletableFuture$AsyncSupply.run(CompletableFuture.java:1768)
[19:48:21] [ERROR] !   at net.minecraft.util.thread.BlockableEventLoop.m_6367_(BlockableEventLoop.java:156)
[19:48:21] [ERROR] !   at net.minecraft.util.thread.ReentrantBlockableEventLoop.m_6367_(ReentrantBlockableEventLoop.java:23)
[19:48:21] [ERROR] !   at net.minecraft.util.thread.BlockableEventLoop.m_7245_(BlockableEventLoop.java:130)
[19:48:21] [ERROR] !   at net.minecraft.util.thread.BlockableEventLoop.m_18699_(BlockableEventLoop.java:115)
[19:48:21] [ERROR] !   at net.minecraft.client.Minecraft.m_91383_(Minecraft.java:1106)
[19:48:21] [ERROR] !   at net.minecraft.client.Minecraft.m_91374_(Minecraft.java:718)
[19:48:21] [ERROR] !   at net.minecraft.client.main.Main.main(Main.java:218)
[19:48:21] [ERROR] !   at java.lang.reflect.Method.invoke(Method.java:568)
[19:48:21] [ERROR] !   at MC-BOOTSTRAP/fmlloader@1.20.1-47.4.0/net.minecraftforge.fml.loading.targets.CommonLaunchHandler.runTarget(CommonLaunchHandler.java:111)
[19:48:21] [ERROR] !   at MC-BOOTSTRAP/fmlloader@1.20.1-47.4.0/net.minecraftforge.fml.loading.targets.CommonLaunchHandler.clientService(CommonLaunchHandler.java:99)
[19:48:21] [ERROR] !   at MC-BOOTSTRAP/fmlloader@1.20.1-47.4.0/net.minecraftforge.fml.loading.targets.CommonClientLaunchHandler.lambda$makeService$0(CommonClientLaunchHandler.java:25)
[19:48:21] [ERROR] !   at MC-BOOTSTRAP/cpw.mods.modlauncher@10.0.9/cpw.mods.modlauncher.LaunchServiceHandlerDecorator.launch(LaunchServiceHandlerDecorator.java:30)
[19:48:21] [ERROR] !   at MC-BOOTSTRAP/cpw.mods.modlauncher@10.0.9/cpw.mods.modlauncher.LaunchServiceHandler.launch(LaunchServiceHandler.java:53)
[19:48:21] [ERROR] !   at MC-BOOTSTRAP/cpw.mods.modlauncher@10.0.9/cpw.mods.modlauncher.LaunchServiceHandler.launch(LaunchServiceHandler.java:71)
[19:48:21] [ERROR] !   at MC-BOOTSTRAP/cpw.mods.modlauncher@10.0.9/cpw.mods.modlauncher.Launcher.run(Launcher.java:108)
[19:48:21] [ERROR] !   at MC-BOOTSTRAP/cpw.mods.modlauncher@10.0.9/cpw.mods.modlauncher.Launcher.main(Launcher.java:78)
[19:48:21] [ERROR] !   at MC-BOOTSTRAP/cpw.mods.modlauncher@10.0.9/cpw.mods.modlauncher.BootstrapLaunchConsumer.accept(BootstrapLaunchConsumer.java:26)
[19:48:21] [ERROR] !   at MC-BOOTSTRAP/cpw.mods.modlauncher@10.0.9/cpw.mods.modlauncher.BootstrapLaunchConsumer.accept(BootstrapLaunchConsumer.java:23)
[19:48:21] [ERROR] !   at cpw.mods.bootstraplauncher@1.1.2/cpw.mods.bootstraplauncher.BootstrapLauncher.main(BootstrapLauncher.java:141)
[19:48:21] [ERROR] !   at java.lang.reflect.Method.invoke(Method.java:568)
[19:48:21] [ERROR] !   at io.github.zekerzhayard.forgewrapper.installer.Main.main(Main.java:69)
[19:48:21] [ERROR] !   at org.prismlauncher.launcher.impl.StandardLauncher.launch(StandardLauncher.java:105)
[19:48:21] [ERROR] !   at org.prismlauncher.EntryPoint.listen(EntryPoint.java:129)
[19:48:21] [ERROR] !   at org.prismlauncher.EntryPoint.main(EntryPoint.java:70)
[19:54:29] [ERROR] ! Error in 'JEIEvents.information': ingredients must not be empty.
[19:54:29] [ERROR] ! java.lang.IllegalArgumentException: ingredients must not be empty.
[19:54:29] [ERROR] !   at mezz.jei.common.util.ErrorUtil.checkNotEmpty(ErrorUtil.java:122)
[19:54:29] [ERROR] !   at dev.nolij.toomanyrecipeviewers.impl.jei.api.registration.RecipeRegistration.addIngredientInfo(RecipeRegistration.java:56)
[19:54:29] [ERROR] !   at …kubejs.integration.forge.jei.InformationJEIEventJS.addItem(InformationJEIEventJS.java:24)
[19:54:29] [ERROR] !   at java.lang.reflect.Method.invoke(Method.java:568)
[19:54:29] [ERROR] !   at …rhino.MemberBox.invoke(MemberBox.java:160)
[19:54:29] [ERROR] !   at …rhino.NativeJavaMethod.call(NativeJavaMethod.java:463)
[19:54:29] [ERROR] !   at …rhino.Interpreter.interpretLoop(Interpreter.java:986)
[19:54:29] [ERROR] !   at …rhino.Interpreter.interpret(Interpreter.java:370)
[19:54:29] [ERROR] !   at …rhino.InterpretedFunction.call(InterpretedFunction.java:72)
[19:54:29] [ERROR] !   at …rhino.Context.callSync(Context.java:1357)
[19:54:29] [ERROR] !   at …rhino.Context.doTopCall(Context.java:1374)
[19:54:29] [ERROR] !   at …rhino.InterpretedFunction.call(InterpretedFunction.java:70)
[19:54:29] [ERROR] !   at …rhino.Context.callSync(Context.java:1357)
[19:54:29] [ERROR] !   at …rhino.ArrowFunction.call(ArrowFunction.java:42)
[19:54:29] [ERROR] !   at …rhino.Context.callSync(Context.java:1357)
[19:54:29] [ERROR] !   at …rhino.InterfaceAdapter.invoke(InterfaceAdapter.java:125)
[19:54:29] [ERROR] !   at …rhino.VMBridge.lambda$newInterfaceProxy$0(VMBridge.java:74)
[19:54:29] [ERROR] !   at TRANSFORMER/jdk.proxy3/jdk.proxy3.$Proxy128.onEvent(Unknown Source)
[19:54:29] [ERROR] !   at …kubejs.event.EventHandlerContainer.handle(EventHandlerContainer.java:39)
[19:54:29] [ERROR] !   at …kubejs.event.EventHandler.postToHandlers(EventHandler.java:304)
[19:54:29] [ERROR] !   at …kubejs.event.EventHandler.post(EventHandler.java:272)
[19:54:29] [ERROR] !   at …kubejs.event.EventHandler.post(EventHandler.java:226)
[19:54:29] [ERROR] !   at …kubejs.event.EventHandler.post(EventHandler.java:189)
[19:54:29] [ERROR] !   at …kubejs.integration.forge.jei.JEIPlugin.registerRecipes(JEIPlugin.java:85)
[19:54:29] [ERROR] !   at dev.nolij.toomanyrecipeviewers.JEIPlugins.lambda$registerRecipes$9(JEIPlugins.java:215)
[19:54:29] [ERROR] !   at dev.nolij.toomanyrecipeviewers.JEIPlugins.dispatchInternal(JEIPlugins.java:147)
[19:54:29] [ERROR] !   at dev.nolij.toomanyrecipeviewers.JEIPlugins.dispatchInternal(JEIPlugins.java:160)
[19:54:29] [ERROR] !   at dev.nolij.toomanyrecipeviewers.JEIPlugins.lambda$dispatch$1(JEIPlugins.java:170)
[19:54:29] [ERROR] !   at net.minecraft.util.thread.BlockableEventLoop.m_18693_(BlockableEventLoop.java:67)
[19:54:29] [ERROR] !   at java.util.concurrent.CompletableFuture$AsyncSupply.run(CompletableFuture.java:1768)
[19:54:29] [ERROR] !   at net.minecraft.util.thread.BlockableEventLoop.m_6367_(BlockableEventLoop.java:156)
[19:54:29] [ERROR] !   at net.minecraft.util.thread.ReentrantBlockableEventLoop.m_6367_(ReentrantBlockableEventLoop.java:23)
[19:54:29] [ERROR] !   at net.minecraft.util.thread.BlockableEventLoop.m_7245_(BlockableEventLoop.java:130)
[19:54:29] [ERROR] !   at net.minecraft.util.thread.BlockableEventLoop.m_18699_(BlockableEventLoop.java:115)
[19:54:29] [ERROR] !   at net.minecraft.client.Minecraft.m_91383_(Minecraft.java:1106)
[19:54:29] [ERROR] !   at net.minecraft.client.Minecraft.m_91374_(Minecraft.java:718)
[19:54:29] [ERROR] !   at net.minecraft.client.main.Main.main(Main.java:218)
[19:54:29] [ERROR] !   at java.lang.reflect.Method.invoke(Method.java:568)
[19:54:29] [ERROR] !   at MC-BOOTSTRAP/fmlloader@1.20.1-47.4.0/net.minecraftforge.fml.loading.targets.CommonLaunchHandler.runTarget(CommonLaunchHandler.java:111)
[19:54:29] [ERROR] !   at MC-BOOTSTRAP/fmlloader@1.20.1-47.4.0/net.minecraftforge.fml.loading.targets.CommonLaunchHandler.clientService(CommonLaunchHandler.java:99)
[19:54:29] [ERROR] !   at MC-BOOTSTRAP/fmlloader@1.20.1-47.4.0/net.minecraftforge.fml.loading.targets.CommonClientLaunchHandler.lambda$makeService$0(CommonClientLaunchHandler.java:25)
[19:54:29] [ERROR] !   at MC-BOOTSTRAP/cpw.mods.modlauncher@10.0.9/cpw.mods.modlauncher.LaunchServiceHandlerDecorator.launch(LaunchServiceHandlerDecorator.java:30)
[19:54:29] [ERROR] !   at MC-BOOTSTRAP/cpw.mods.modlauncher@10.0.9/cpw.mods.modlauncher.LaunchServiceHandler.launch(LaunchServiceHandler.java:53)
[19:54:29] [ERROR] !   at MC-BOOTSTRAP/cpw.mods.modlauncher@10.0.9/cpw.mods.modlauncher.LaunchServiceHandler.launch(LaunchServiceHandler.java:71)
[19:54:29] [ERROR] !   at MC-BOOTSTRAP/cpw.mods.modlauncher@10.0.9/cpw.mods.modlauncher.Launcher.run(Launcher.java:108)
[19:54:29] [ERROR] !   at MC-BOOTSTRAP/cpw.mods.modlauncher@10.0.9/cpw.mods.modlauncher.Launcher.main(Launcher.java:78)
[19:54:29] [ERROR] !   at MC-BOOTSTRAP/cpw.mods.modlauncher@10.0.9/cpw.mods.modlauncher.BootstrapLaunchConsumer.accept(BootstrapLaunchConsumer.java:26)
[19:54:29] [ERROR] !   at MC-BOOTSTRAP/cpw.mods.modlauncher@10.0.9/cpw.mods.modlauncher.BootstrapLaunchConsumer.accept(BootstrapLaunchConsumer.java:23)
[19:54:29] [ERROR] !   at cpw.mods.bootstraplauncher@1.1.2/cpw.mods.bootstraplauncher.BootstrapLauncher.main(BootstrapLauncher.java:141)
[19:54:29] [ERROR] !   at java.lang.reflect.Method.invoke(Method.java:568)
[19:54:29] [ERROR] !   at io.github.zekerzhayard.forgewrapper.installer.Main.main(Main.java:69)
[19:54:29] [ERROR] !   at org.prismlauncher.launcher.impl.StandardLauncher.launch(StandardLauncher.java:105)
[19:54:29] [ERROR] !   at org.prismlauncher.EntryPoint.listen(EntryPoint.java:129)
[19:54:29] [ERROR] !   at org.prismlauncher.EntryPoint.main(EntryPoint.java:70)
[19:55:04] [ERROR] ! Error in 'JEIEvents.information': ingredients must not be empty.
[19:55:04] [ERROR] ! java.lang.IllegalArgumentException: ingredients must not be empty.
[19:55:04] [ERROR] !   at mezz.jei.common.util.ErrorUtil.checkNotEmpty(ErrorUtil.java:122)
[19:55:04] [ERROR] !   at dev.nolij.toomanyrecipeviewers.impl.jei.api.registration.RecipeRegistration.addIngredientInfo(RecipeRegistration.java:56)
[19:55:04] [ERROR] !   at …kubejs.integration.forge.jei.InformationJEIEventJS.addItem(InformationJEIEventJS.java:24)
[19:55:04] [ERROR] !   at java.lang.reflect.Method.invoke(Method.java:568)
[19:55:04] [ERROR] !   at …rhino.MemberBox.invoke(MemberBox.java:160)
[19:55:04] [ERROR] !   at …rhino.NativeJavaMethod.call(NativeJavaMethod.java:463)
[19:55:04] [ERROR] !   at …rhino.Interpreter.interpretLoop(Interpreter.java:986)
[19:55:04] [ERROR] !   at …rhino.Interpreter.interpret(Interpreter.java:370)
[19:55:04] [ERROR] !   at …rhino.InterpretedFunction.call(InterpretedFunction.java:72)
[19:55:04] [ERROR] !   at …rhino.Context.callSync(Context.java:1357)
[19:55:04] [ERROR] !   at …rhino.Context.doTopCall(Context.java:1374)
[19:55:04] [ERROR] !   at …rhino.InterpretedFunction.call(InterpretedFunction.java:70)
[19:55:04] [ERROR] !   at …rhino.Context.callSync(Context.java:1357)
[19:55:04] [ERROR] !   at …rhino.ArrowFunction.call(ArrowFunction.java:42)
[19:55:04] [ERROR] !   at …rhino.Context.callSync(Context.java:1357)
[19:55:04] [ERROR] !   at …rhino.InterfaceAdapter.invoke(InterfaceAdapter.java:125)
[19:55:04] [ERROR] !   at …rhino.VMBridge.lambda$newInterfaceProxy$0(VMBridge.java:74)
[19:55:04] [ERROR] !   at TRANSFORMER/jdk.proxy3/jdk.proxy3.$Proxy128.onEvent(Unknown Source)
[19:55:04] [ERROR] !   at …kubejs.event.EventHandlerContainer.handle(EventHandlerContainer.java:39)
[19:55:04] [ERROR] !   at …kubejs.event.EventHandler.postToHandlers(EventHandler.java:304)
[19:55:04] [ERROR] !   at …kubejs.event.EventHandler.post(EventHandler.java:272)
[19:55:04] [ERROR] !   at …kubejs.event.EventHandler.post(EventHandler.java:226)
[19:55:04] [ERROR] !   at …kubejs.event.EventHandler.post(EventHandler.java:189)
[19:55:04] [ERROR] !   at …kubejs.integration.forge.jei.JEIPlugin.registerRecipes(JEIPlugin.java:85)
[19:55:04] [ERROR] !   at dev.nolij.toomanyrecipeviewers.JEIPlugins.lambda$registerRecipes$9(JEIPlugins.java:215)
[19:55:04] [ERROR] !   at dev.nolij.toomanyrecipeviewers.JEIPlugins.dispatchInternal(JEIPlugins.java:147)
[19:55:04] [ERROR] !   at dev.nolij.toomanyrecipeviewers.JEIPlugins.dispatchInternal(JEIPlugins.java:160)
[19:55:04] [ERROR] !   at dev.nolij.toomanyrecipeviewers.JEIPlugins.lambda$dispatch$1(JEIPlugins.java:170)
[19:55:04] [ERROR] !   at net.minecraft.util.thread.BlockableEventLoop.m_18693_(BlockableEventLoop.java:67)
[19:55:04] [ERROR] !   at java.util.concurrent.CompletableFuture$AsyncSupply.run(CompletableFuture.java:1768)
[19:55:04] [ERROR] !   at net.minecraft.util.thread.BlockableEventLoop.m_6367_(BlockableEventLoop.java:156)
[19:55:04] [ERROR] !   at net.minecraft.util.thread.ReentrantBlockableEventLoop.m_6367_(ReentrantBlockableEventLoop.java:23)
[19:55:04] [ERROR] !   at net.minecraft.util.thread.BlockableEventLoop.m_7245_(BlockableEventLoop.java:130)
[19:55:04] [ERROR] !   at net.minecraft.util.thread.BlockableEventLoop.m_18699_(BlockableEventLoop.java:115)
[19:55:04] [ERROR] !   at net.minecraft.client.Minecraft.m_91383_(Minecraft.java:1106)
[19:55:04] [ERROR] !   at net.minecraft.client.Minecraft.m_91374_(Minecraft.java:718)
[19:55:04] [ERROR] !   at net.minecraft.client.main.Main.main(Main.java:218)
[19:55:04] [ERROR] !   at java.lang.reflect.Method.invoke(Method.java:568)
[19:55:04] [ERROR] !   at MC-BOOTSTRAP/fmlloader@1.20.1-47.4.0/net.minecraftforge.fml.loading.targets.CommonLaunchHandler.runTarget(CommonLaunchHandler.java:111)
[19:55:04] [ERROR] !   at MC-BOOTSTRAP/fmlloader@1.20.1-47.4.0/net.minecraftforge.fml.loading.targets.CommonLaunchHandler.clientService(CommonLaunchHandler.java:99)
[19:55:04] [ERROR] !   at MC-BOOTSTRAP/fmlloader@1.20.1-47.4.0/net.minecraftforge.fml.loading.targets.CommonClientLaunchHandler.lambda$makeService$0(CommonClientLaunchHandler.java:25)
[19:55:04] [ERROR] !   at MC-BOOTSTRAP/cpw.mods.modlauncher@10.0.9/cpw.mods.modlauncher.LaunchServiceHandlerDecorator.launch(LaunchServiceHandlerDecorator.java:30)
[19:55:04] [ERROR] !   at MC-BOOTSTRAP/cpw.mods.modlauncher@10.0.9/cpw.mods.modlauncher.LaunchServiceHandler.launch(LaunchServiceHandler.java:53)
[19:55:04] [ERROR] !   at MC-BOOTSTRAP/cpw.mods.modlauncher@10.0.9/cpw.mods.modlauncher.LaunchServiceHandler.launch(LaunchServiceHandler.java:71)
[19:55:04] [ERROR] !   at MC-BOOTSTRAP/cpw.mods.modlauncher@10.0.9/cpw.mods.modlauncher.Launcher.run(Launcher.java:108)
[19:55:04] [ERROR] !   at MC-BOOTSTRAP/cpw.mods.modlauncher@10.0.9/cpw.mods.modlauncher.Launcher.main(Launcher.java:78)
[19:55:04] [ERROR] !   at MC-BOOTSTRAP/cpw.mods.modlauncher@10.0.9/cpw.mods.modlauncher.BootstrapLaunchConsumer.accept(BootstrapLaunchConsumer.java:26)
[19:55:04] [ERROR] !   at MC-BOOTSTRAP/cpw.mods.modlauncher@10.0.9/cpw.mods.modlauncher.BootstrapLaunchConsumer.accept(BootstrapLaunchConsumer.java:23)
[19:55:04] [ERROR] !   at cpw.mods.bootstraplauncher@1.1.2/cpw.mods.bootstraplauncher.BootstrapLauncher.main(BootstrapLauncher.java:141)
[19:55:04] [ERROR] !   at java.lang.reflect.Method.invoke(Method.java:568)
[19:55:04] [ERROR] !   at io.github.zekerzhayard.forgewrapper.installer.Main.main(Main.java:69)
[19:55:04] [ERROR] !   at org.prismlauncher.launcher.impl.StandardLauncher.launch(StandardLauncher.java:105)
[19:55:04] [ERROR] !   at org.prismlauncher.EntryPoint.listen(EntryPoint.java:129)
[19:55:04] [ERROR] !   at org.prismlauncher.EntryPoint.main(EntryPoint.java:70)
[19:56:15] [ERROR] ! Error in 'JEIEvents.information': ingredients must not be empty.
[19:56:15] [ERROR] ! java.lang.IllegalArgumentException: ingredients must not be empty.
[19:56:15] [ERROR] !   at mezz.jei.common.util.ErrorUtil.checkNotEmpty(ErrorUtil.java:122)
[19:56:15] [ERROR] !   at dev.nolij.toomanyrecipeviewers.impl.jei.api.registration.RecipeRegistration.addIngredientInfo(RecipeRegistration.java:56)
[19:56:15] [ERROR] !   at …kubejs.integration.forge.jei.InformationJEIEventJS.addItem(InformationJEIEventJS.java:24)
[19:56:15] [ERROR] !   at java.lang.reflect.Method.invoke(Method.java:568)
[19:56:15] [ERROR] !   at …rhino.MemberBox.invoke(MemberBox.java:160)
[19:56:15] [ERROR] !   at …rhino.NativeJavaMethod.call(NativeJavaMethod.java:463)
[19:56:15] [ERROR] !   at …rhino.Interpreter.interpretLoop(Interpreter.java:986)
[19:56:15] [ERROR] !   at …rhino.Interpreter.interpret(Interpreter.java:370)
[19:56:15] [ERROR] !   at …rhino.InterpretedFunction.call(InterpretedFunction.java:72)
[19:56:15] [ERROR] !   at …rhino.Context.callSync(Context.java:1357)
[19:56:15] [ERROR] !   at …rhino.Context.doTopCall(Context.java:1374)
[19:56:15] [ERROR] !   at …rhino.InterpretedFunction.call(InterpretedFunction.java:70)
[19:56:15] [ERROR] !   at …rhino.Context.callSync(Context.java:1357)
[19:56:15] [ERROR] !   at …rhino.ArrowFunction.call(ArrowFunction.java:42)
[19:56:15] [ERROR] !   at …rhino.Context.callSync(Context.java:1357)
[19:56:15] [ERROR] !   at …rhino.InterfaceAdapter.invoke(InterfaceAdapter.java:125)
[19:56:15] [ERROR] !   at …rhino.VMBridge.lambda$newInterfaceProxy$0(VMBridge.java:74)
[19:56:15] [ERROR] !   at TRANSFORMER/jdk.proxy3/jdk.proxy3.$Proxy128.onEvent(Unknown Source)
[19:56:15] [ERROR] !   at …kubejs.event.EventHandlerContainer.handle(EventHandlerContainer.java:39)
[19:56:15] [ERROR] !   at …kubejs.event.EventHandler.postToHandlers(EventHandler.java:304)
[19:56:15] [ERROR] !   at …kubejs.event.EventHandler.post(EventHandler.java:272)
[19:56:15] [ERROR] !   at …kubejs.event.EventHandler.post(EventHandler.java:226)
[19:56:15] [ERROR] !   at …kubejs.event.EventHandler.post(EventHandler.java:189)
[19:56:15] [ERROR] !   at …kubejs.integration.forge.jei.JEIPlugin.registerRecipes(JEIPlugin.java:85)
[19:56:15] [ERROR] !   at dev.nolij.toomanyrecipeviewers.JEIPlugins.lambda$registerRecipes$9(JEIPlugins.java:215)
[19:56:15] [ERROR] !   at dev.nolij.toomanyrecipeviewers.JEIPlugins.dispatchInternal(JEIPlugins.java:147)
[19:56:15] [ERROR] !   at dev.nolij.toomanyrecipeviewers.JEIPlugins.dispatchInternal(JEIPlugins.java:160)
[19:56:15] [ERROR] !   at dev.nolij.toomanyrecipeviewers.JEIPlugins.lambda$dispatch$1(JEIPlugins.java:170)
[19:56:15] [ERROR] !   at net.minecraft.util.thread.BlockableEventLoop.m_18693_(BlockableEventLoop.java:67)
[19:56:15] [ERROR] !   at java.util.concurrent.CompletableFuture$AsyncSupply.run(CompletableFuture.java:1768)
[19:56:15] [ERROR] !   at net.minecraft.util.thread.BlockableEventLoop.m_6367_(BlockableEventLoop.java:156)
[19:56:15] [ERROR] !   at net.minecraft.util.thread.ReentrantBlockableEventLoop.m_6367_(ReentrantBlockableEventLoop.java:23)
[19:56:15] [ERROR] !   at net.minecraft.util.thread.BlockableEventLoop.m_7245_(BlockableEventLoop.java:130)
[19:56:15] [ERROR] !   at net.minecraft.util.thread.BlockableEventLoop.m_18699_(BlockableEventLoop.java:115)
[19:56:15] [ERROR] !   at net.minecraft.client.Minecraft.m_91383_(Minecraft.java:1106)
[19:56:15] [ERROR] !   at net.minecraft.client.Minecraft.m_91374_(Minecraft.java:718)
[19:56:15] [ERROR] !   at net.minecraft.client.main.Main.main(Main.java:218)
[19:56:15] [ERROR] !   at java.lang.reflect.Method.invoke(Method.java:568)
[19:56:15] [ERROR] !   at MC-BOOTSTRAP/fmlloader@1.20.1-47.4.0/net.minecraftforge.fml.loading.targets.CommonLaunchHandler.runTarget(CommonLaunchHandler.java:111)
[19:56:15] [ERROR] !   at MC-BOOTSTRAP/fmlloader@1.20.1-47.4.0/net.minecraftforge.fml.loading.targets.CommonLaunchHandler.clientService(CommonLaunchHandler.java:99)
[19:56:15] [ERROR] !   at MC-BOOTSTRAP/fmlloader@1.20.1-47.4.0/net.minecraftforge.fml.loading.targets.CommonClientLaunchHandler.lambda$makeService$0(CommonClientLaunchHandler.java:25)
[19:56:15] [ERROR] !   at MC-BOOTSTRAP/cpw.mods.modlauncher@10.0.9/cpw.mods.modlauncher.LaunchServiceHandlerDecorator.launch(LaunchServiceHandlerDecorator.java:30)
[19:56:15] [ERROR] !   at MC-BOOTSTRAP/cpw.mods.modlauncher@10.0.9/cpw.mods.modlauncher.LaunchServiceHandler.launch(LaunchServiceHandler.java:53)
[19:56:15] [ERROR] !   at MC-BOOTSTRAP/cpw.mods.modlauncher@10.0.9/cpw.mods.modlauncher.LaunchServiceHandler.launch(LaunchServiceHandler.java:71)
[19:56:15] [ERROR] !   at MC-BOOTSTRAP/cpw.mods.modlauncher@10.0.9/cpw.mods.modlauncher.Launcher.run(Launcher.java:108)
[19:56:15] [ERROR] !   at MC-BOOTSTRAP/cpw.mods.modlauncher@10.0.9/cpw.mods.modlauncher.Launcher.main(Launcher.java:78)
[19:56:15] [ERROR] !   at MC-BOOTSTRAP/cpw.mods.modlauncher@10.0.9/cpw.mods.modlauncher.BootstrapLaunchConsumer.accept(BootstrapLaunchConsumer.java:26)
[19:56:15] [ERROR] !   at MC-BOOTSTRAP/cpw.mods.modlauncher@10.0.9/cpw.mods.modlauncher.BootstrapLaunchConsumer.accept(BootstrapLaunchConsumer.java:23)
[19:56:15] [ERROR] !   at cpw.mods.bootstraplauncher@1.1.2/cpw.mods.bootstraplauncher.BootstrapLauncher.main(BootstrapLauncher.java:141)
[19:56:15] [ERROR] !   at java.lang.reflect.Method.invoke(Method.java:568)
[19:56:15] [ERROR] !   at io.github.zekerzhayard.forgewrapper.installer.Main.main(Main.java:69)
[19:56:15] [ERROR] !   at org.prismlauncher.launcher.impl.StandardLauncher.launch(StandardLauncher.java:105)
[19:56:15] [ERROR] !   at org.prismlauncher.EntryPoint.listen(EntryPoint.java:129)
[19:56:15] [ERROR] !   at org.prismlauncher.EntryPoint.main(EntryPoint.java:70)
