[20:52:33] [INIT] KubeJS 2001.6.5-build.16; MC 2001 forge
[20:52:33] [INIT] Loaded plugins:
[20:52:33] [INIT] - dev.latvian.mods.kubejs.forge.BuiltinKubeJSForgePlugin
[20:52:33] [INIT] - dev.latvian.mods.kubejs.forge.BuiltinKubeJSForgeClientPlugin
[20:52:33] [INIT] - net.zhaiji.kubejscurios.kubejs.KubeJSCuriosPlugin
[20:52:33] [INIT] - com.lowdragmc.lowdraglib.kjs.LDLibKubeJSPlugin
[20:52:33] [INIT] - net.mehvahdjukaar.sawmill.integration.KubeJsPlugin
[20:52:33] [INIT] - dev.ftb.mods.ftbxmodcompat.ftbquests.kubejs.KubeJSIntegration
[20:52:33] [INIT] - dev.ftb.mods.ftbxmodcompat.ftbchunks.kubejs.FTBChunksKubeJSPlugin
[20:52:33] [INIT] - dev.ftb.mods.ftbxmodcompat.ftbteams.kubejs.FTBTeamsKubeJSPlugin
[20:52:33] [INIT] - dev.ftb.mods.ftbxmodcompat.ftbfiltersystem.kubejs.FFSKubeJSPlugin
[20:52:33] [INIT] - com.squoshi.irons_spells_js.IronsSpellsJSPlugin
[20:52:33] [INIT] - com.squoshi.irons_spells_js.compat.entityjs.EntityJSPlugin
[20:52:33] [INIT] - com.falaut.KubeJSNaturesAuraPlugin
[20:52:33] [INIT] - com.lowdragmc.mbd2.integration.kubejs.MBDKubeJSPlugin
[20:52:33] [INIT] - dev.latvian.mods.kubejs.thermal.KubeJSThermalPlugin
[20:52:33] [INIT] - com.bobvarioa.kubejsarsnouveau.KubeJSArsNouveauPlugin
[20:52:33] [INIT] - net.liopyu.entityjs.EntityJSPlugin
[20:52:33] [INIT] - dev.latvian.mods.kubejs.create.KubeJSCreatePlugin
[20:52:33] [INIT] - com.almostreliable.morejs.Plugin
[20:52:33] [INIT] - com.negodya1.kubejs.vintageimprovements.KubeJSVintagePlugin
[20:52:33] [INIT] - com.vomiter.rangedjs.RangedJSPlugin
[20:52:33] [INIT] - qinomed.kubejsdelight.KubeJSDelightPlugin
[20:52:33] [INIT] - com.almostreliable.lootjs.kube.LootJSPlugin
[20:52:33] [INIT] - com.probejs.ProbeJSPlugin
[20:52:33] [INIT] - com.almostreliable.ponderjs.KubePlugin
[20:52:33] [INIT] - snownee.lychee.compat.kubejs.LycheeKubeJSPlugin
[20:52:35] [INFO] attributes.js#3: Loaded Java class 'net.minecraft.world.entity.ai.attributes.Attributes'
[20:52:35] [INFO] attributes.js#4: Loaded Java class 'net.minecraft.world.entity.ai.attributes.AttributeModifier'
[20:52:35] [INFO] attributes.js#5: Loaded Java class 'io.redspace.ironsspellbooks.api.registry.AttributeRegistry'
[20:52:35] [INFO] Loaded script startup_scripts:attributes.js in 0.067 s
[20:52:35] [INFO] Loaded script startup_scripts:BlockModification.js in 0.004 s
[20:52:35] [INFO] Loaded script startup_scripts:creative_tab.js in 0.001 s
[20:52:35] [INFO] Loaded script startup_scripts:Custom_blocks.js in 0.006 s
[20:52:35] [INFO] Loaded script startup_scripts:Custom_effects.js in 0.0 s
[20:52:35] [INFO] Loaded script startup_scripts:Custom_fluids.js in 0.001 s
[20:52:35] [INFO] Custom_items.js#1: Loaded Java class 'net.minecraft.world.item.ShearsItem'
[20:52:35] [INFO] Custom_items.js#2: Loaded Java class 'net.minecraft.world.item.ShieldItem'
[20:52:35] [INFO] Custom_items.js#3: Loaded Java class 'cofh.core.common.item.HammerItem'
[20:52:35] [INFO] Custom_items.js#4: Loaded Java class 'cofh.core.common.item.ExcavatorItem'
[20:52:35] [INFO] Custom_items.js#5: Loaded Java class 'net.minecraft.world.item.FlintAndSteelItem'
[20:52:35] [INFO] Custom_items.js#6: Loaded Java class 'net.minecraft.world.item.Item$Properties'
[20:52:35] [INFO] Loaded script startup_scripts:Custom_items.js in 0.032 s
[20:52:35] [INFO] Loaded script startup_scripts:EntityModification.js in 0.0 s
[20:52:35] [INFO] Loaded script startup_scripts:FoodModification.js in 0.001 s
[20:52:35] [INFO] Loaded script startup_scripts:ItemModification.js in 0.003 s
[20:52:35] [INFO] Loaded script startup_scripts:Name.js in 0.001 s
[20:52:35] [INFO] Loaded script startup_scripts:TreePunching.js in 0.005 s
[20:52:35] [INFO] Loaded 12/12 KubeJS startup scripts in 1.642 s with 0 errors and 0 warnings
